I'm sorry, but errors were detected in your script. Please correct the
errors listed below, and try again.


File "game/core.rpy", line 4: invalid syntax
        global route, strength, intel, gameSkill, tardy, story_mode, satire_mode, name_mod, persistent.route, persistent.str, persistent.intel, persistent.gameSkill, persistent.tardy, persistent.story_mode, persistent.satire_mode, persistent.name
                                                                                                       ^
    

Ren'Py Version: Ren'Py 7.5.3.22090809
Sat Feb 22 14:17:15 2025
